// Jest Snapshot v1, https://goo.gl/fbAQLP

exports[`routes/settings.tsx should render itself & its children 1`] = `
<div
  className="sc-AxgMl daWoeP"
>
  <div
    className="sc-AxheI OvSkc"
  >
    <h3
      className="sc-fzozJi jqfsXz"
    >
      Settings
    </h3>
    <a
      aria-label="Close Settings"
      className="sc-fzoLsD cUlvxj"
      onClick={[Function]}
    >
      Ã—
    </a>
  </div>
  <div
    className="sc-Axmtr fLAtpJ"
  >
    <div
      className="sc-AxjAm dnDkHN"
    >
      <label>
        <div
          className="sc-AxirZ gtlEvo"
        >
          <input
            checked={false}
            className="sc-AxhCb bORWEo"
            label="Show only participating"
            name="showOnlyParticipating"
            onChange={[Function]}
            type="checkbox"
          />
          <div
            className="sc-AxhUy juIZhB"
          >
            <svg
              className="sc-AxiKw bCXYxk"
              viewBox="0 0 24 24"
            >
              <g
                fill="none"
                fillRule="evenodd"
                stroke="none"
                strokeLinecap="round"
                strokeLinejoin="round"
                strokeWidth="1"
              >
                <g
                  stroke="#FFFFFF"
                  strokeWidth="3"
                  transform="translate(6.000000, 7.000000)"
                >
                  <polyline
                    points="13 0 4.0625 9 0 4.90909091"
                  />
                </g>
              </g>
            </svg>
          </div>
        </div>
        <span
          style={
            Object {
              "marginLeft": "1rem",
            }
          }
        >
          Show only participating
        </span>
      </label>
    </div>
    <div
      className="sc-AxjAm dnDkHN"
    >
      <label>
        <div
          className="sc-AxirZ gtlEvo"
        >
          <input
            checked={true}
            className="sc-AxhCb bORWEo"
            label="Play sound"
            name="playSound"
            onChange={[Function]}
            type="checkbox"
          />
          <div
            className="sc-AxhUy gbfYbF"
          >
            <svg
              className="sc-AxiKw bCXYxk"
              viewBox="0 0 24 24"
            >
              <g
                fill="none"
                fillRule="evenodd"
                stroke="none"
                strokeLinecap="round"
                strokeLinejoin="round"
                strokeWidth="1"
              >
                <g
                  stroke="#FFFFFF"
                  strokeWidth="3"
                  transform="translate(6.000000, 7.000000)"
                >
                  <polyline
                    points="13 0 4.0625 9 0 4.90909091"
                  />
                </g>
              </g>
            </svg>
          </div>
        </div>
        <span
          style={
            Object {
              "marginLeft": "1rem",
            }
          }
        >
          Play sound
        </span>
      </label>
    </div>
    <div
      className="sc-AxjAm dnDkHN"
    >
      <label>
        <div
          className="sc-AxirZ gtlEvo"
        >
          <input
            checked={true}
            className="sc-AxhCb bORWEo"
            label="Show notifications"
            name="showNotifications"
            onChange={[Function]}
            type="checkbox"
          />
          <div
            className="sc-AxhUy gbfYbF"
          >
            <svg
              className="sc-AxiKw bCXYxk"
              viewBox="0 0 24 24"
            >
              <g
                fill="none"
                fillRule="evenodd"
                stroke="none"
                strokeLinecap="round"
                strokeLinejoin="round"
                strokeWidth="1"
              >
                <g
                  stroke="#FFFFFF"
                  strokeWidth="3"
                  transform="translate(6.000000, 7.000000)"
                >
                  <polyline
                    points="13 0 4.0625 9 0 4.90909091"
                  />
                </g>
              </g>
            </svg>
          </div>
        </div>
        <span
          style={
            Object {
              "marginLeft": "1rem",
            }
          }
        >
          Show notifications
        </span>
      </label>
    </div>
    <div
      className="sc-AxjAm dnDkHN"
    >
      <label>
        <div
          className="sc-AxirZ gtlEvo"
        >
          <input
            checked={false}
            className="sc-AxhCb bORWEo"
            label="On Click, Mark as Read"
            name="onClickMarkAsRead"
            onChange={[Function]}
            type="checkbox"
          />
          <div
            className="sc-AxhUy juIZhB"
          >
            <svg
              className="sc-AxiKw bCXYxk"
              viewBox="0 0 24 24"
            >
              <g
                fill="none"
                fillRule="evenodd"
                stroke="none"
                strokeLinecap="round"
                strokeLinejoin="round"
                strokeWidth="1"
              >
                <g
                  stroke="#FFFFFF"
                  strokeWidth="3"
                  transform="translate(6.000000, 7.000000)"
                >
                  <polyline
                    points="13 0 4.0625 9 0 4.90909091"
                  />
                </g>
              </g>
            </svg>
          </div>
        </div>
        <span
          style={
            Object {
              "marginLeft": "1rem",
            }
          }
        >
          On Click, Mark as Read
        </span>
      </label>
    </div>
    <div
      className="sc-AxjAm dnDkHN"
    >
      <label>
        <div
          className="sc-AxirZ gtlEvo"
        >
          <input
            checked={false}
            className="sc-AxhCb bORWEo"
            label="Open at startup"
            name="openAtStartUp"
            onChange={[Function]}
            type="checkbox"
          />
          <div
            className="sc-AxhUy juIZhB"
          >
            <svg
              className="sc-AxiKw bCXYxk"
              viewBox="0 0 24 24"
            >
              <g
                fill="none"
                fillRule="evenodd"
                stroke="none"
                strokeLinecap="round"
                strokeLinejoin="round"
                strokeWidth="1"
              >
                <g
                  stroke="#FFFFFF"
                  strokeWidth="3"
                  transform="translate(6.000000, 7.000000)"
                >
                  <polyline
                    points="13 0 4.0625 9 0 4.90909091"
                  />
                </g>
              </g>
            </svg>
          </div>
        </div>
        <span
          style={
            Object {
              "marginLeft": "1rem",
            }
          }
        >
          Open at startup
        </span>
      </label>
    </div>
  </div>
  <div
    className="sc-AxmLO dZFIDb"
  >
    <small>
      Gitify v
      0.0.1
    </small>
    <div>
      <button
        aria-label="Login with GitHub Enterprise"
        className="sc-fzpans fjToeN"
        onClick={[Function]}
      >
        Add Enterprise
      </button>
      <button
        aria-label="Logout"
        className="sc-fzpans fjToeN"
        onClick={[Function]}
      >
        Logout
      </button>
      <button
        aria-label="Quit Gitify"
        className="sc-fzpans fjToeN"
        onClick={[Function]}
      >
        Quit
      </button>
    </div>
  </div>
</div>
`;
